// Jest Snapshot v1, https://goo.gl/fbAQLP

exports[`AddUpdateItem should render the component 1`] = `
<View>
  <View
    style={
      Object {
        "marginBottom": 10,
      }
    }
  >
    <Text
      accessible={true}
      allowFontScaling={true}
      ellipsizeMode="tail"
      style={undefined}
    >
      Symptoms:
    </Text>
    <TextInput
      allowFontScaling={true}
      onChangeText={[Function]}
      placeholder="Type symptoms..."
      style={
        Object {
          "fontSize": 16,
          "height": 50,
        }
      }
      value="symptoms"
    />
  </View>
  <View
    style={
      Object {
        "marginBottom": 10,
      }
    }
  >
    <Text
      accessible={true}
      allowFontScaling={true}
      ellipsizeMode="tail"
      style={undefined}
    >
      Location:
    </Text>
    <TextInput
      allowFontScaling={true}
      onChangeText={[Function]}
      placeholder="Type where you are..."
      style={
        Object {
          "fontSize": 16,
          "height": 50,
        }
      }
      value="location"
    />
  </View>
  <View
    style={
      Object {
        "marginBottom": 10,
      }
    }
  >
    <Text
      accessible={true}
      allowFontScaling={true}
      ellipsizeMode="tail"
      style={undefined}
    >
      Thoughts:
    </Text>
    <TextInput
      allowFontScaling={true}
      onChangeText={[Function]}
      placeholder="Type thoughts..."
      style={
        Object {
          "fontSize": 16,
          "height": 50,
        }
      }
      value="thoughts"
    />
  </View>
  <View
    style={
      Object {
        "marginBottom": 10,
      }
    }
  >
    <Text
      accessible={true}
      allowFontScaling={true}
      ellipsizeMode="tail"
      style={
        Object {
          "fontSize": 18,
        }
      }
    >
      Time:
    </Text>
    <View
      style={
        Object {
          "flexDirection": "row",
        }
      }
    >
      <View
        style={
          Object {
            "alignItems": "center",
            "flex": 0.5,
            "flexDirection": "row",
          }
        }
      >
        <Text
          accessible={true}
          allowFontScaling={true}
          ellipsizeMode="tail"
          style={
            Object {
              "fontSize": 16,
            }
          }
        >
          23:00
        </Text>
      </View>
      <View
        style={
          Object {
            "flex": 0.5,
          }
        }
      >
        <View
          accessibilityComponentType="button"
          accessibilityLabel={undefined}
          accessibilityTraits={
            Array [
              "button",
            ]
          }
          accessible={true}
          collapsable={undefined}
          hasTVPreferredFocus={undefined}
          hitSlop={undefined}
          isTVSelectable={true}
          nativeID={undefined}
          onLayout={undefined}
          onResponderGrant={[Function]}
          onResponderMove={[Function]}
          onResponderRelease={[Function]}
          onResponderTerminate={[Function]}
          onResponderTerminationRequest={[Function]}
          onStartShouldSetResponder={[Function]}
          style={
            Object {
              "opacity": 1,
            }
          }
          testID={undefined}
          tvParallaxProperties={undefined}
        >
          <View
            style={
              Array [
                Object {},
              ]
            }
          >
            <Text
              accessible={true}
              allowFontScaling={true}
              disabled={undefined}
              ellipsizeMode="tail"
              style={
                Array [
                  Object {
                    "color": "#007AFF",
                    "fontSize": 18,
                    "padding": 8,
                    "textAlign": "center",
                  },
                ]
              }
            >
              Change Time
            </Text>
          </View>
        </View>
      </View>
    </View>
  </View>
  <View
    style={
      Object {
        "marginTop": 30,
      }
    }
  >
    <View
      accessibilityComponentType="button"
      accessibilityLabel={undefined}
      accessibilityTraits={
        Array [
          "button",
        ]
      }
      accessible={true}
      collapsable={undefined}
      hasTVPreferredFocus={undefined}
      hitSlop={undefined}
      isTVSelectable={true}
      nativeID={undefined}
      onLayout={undefined}
      onResponderGrant={[Function]}
      onResponderMove={[Function]}
      onResponderRelease={[Function]}
      onResponderTerminate={[Function]}
      onResponderTerminationRequest={[Function]}
      onStartShouldSetResponder={[Function]}
      style={
        Object {
          "opacity": 1,
        }
      }
      testID={undefined}
      tvParallaxProperties={undefined}
    >
      <View
        style={
          Array [
            Object {},
          ]
        }
      >
        <Text
          accessible={true}
          allowFontScaling={true}
          disabled={false}
          ellipsizeMode="tail"
          style={
            Array [
              Object {
                "color": "#007AFF",
                "fontSize": 18,
                "padding": 8,
                "textAlign": "center",
              },
            ]
          }
        >
          button-title
        </Text>
      </View>
    </View>
  </View>
</View>
`;
