// Jest Snapshot v1, https://goo.gl/fbAQLP

exports[`DaysList should render the component 1`] = `null`;
