// Jest Snapshot v1, https://goo.gl/fbAQLP

exports[`ItemsList should render the component 1`] = `null`;
